 Image stmig162-backend:autoresearch-repair-stable Building 
#1 [internal] load local bake definitions
#1 reading from stdin 1.66kB done
#1 DONE 0.0s

#2 [internal] load build definition from Dockerfile
#2 transferring dockerfile: 4.69kB done
#2 DONE 0.0s

#3 [internal] load metadata for docker.io/library/golang:1.26-alpine
#3 ...

#4 [internal] load metadata for docker.io/library/alpine:latest
#4 DONE 0.5s

#3 [internal] load metadata for docker.io/library/golang:1.26-alpine
#3 DONE 0.5s

#5 [internal] load .dockerignore
#5 transferring context: 2B done
#5 DONE 0.0s

#6 [builder 1/7] FROM docker.io/library/golang:1.26-alpine@sha256:8ac98ca534ac3f51e1f420a1dd2c15e74c75cfa0f23f3ad27eb5d7236c349a0c
#6 resolve docker.io/library/golang:1.26-alpine@sha256:8ac98ca534ac3f51e1f420a1dd2c15e74c75cfa0f23f3ad27eb5d7236c349a0c done
#6 DONE 0.0s

#7 [production  1/10] FROM docker.io/library/alpine:latest@sha256:294b683cb724975bec92580e1e685676bd4b50bda910ddb8c51d4cabeaec77e6
#7 resolve docker.io/library/alpine:latest@sha256:294b683cb724975bec92580e1e685676bd4b50bda910ddb8c51d4cabeaec77e6 done
#7 DONE 0.0s

#8 [internal] load build context
#8 transferring context: 8.83MB 0.8s done
#8 DONE 0.8s

#9 [builder 2/7] RUN apk add --no-cache git ca-certificates tzdata
#9 CACHED

#10 [builder 3/7] WORKDIR /build
#10 CACHED

#11 [builder 4/7] COPY go.mod go.sum ./
#11 CACHED

#12 [builder 5/7] RUN --mount=type=cache,target=/go/pkg/mod,sharing=locked go mod download
#12 CACHED

#13 [builder 6/7] COPY . .
#13 DONE 1.1s

#14 [builder 7/7] RUN --mount=type=cache,target=/go/pkg/mod,sharing=locked CGO_ENABLED=0 GOOS=linux GOARCH=arm64 go build     -ldflags="-w -s       -X main.version=dev       -X main.commit=unknown       -X main.buildDate=unknown"     -o /build/semstreams-bin     ./cmd/semteams
#14 DONE 8.4s

#15 [production  2/10] RUN apk add --no-cache     ca-certificates     tzdata     wget
#15 CACHED

#16 [production  3/10] RUN addgroup -S -g 1000 semstreams &&     adduser -S -u 1000 -G semstreams -h /app semstreams
#16 CACHED

#17 [production  4/10] WORKDIR /app
#17 CACHED

#18 [production  5/10] COPY --from=builder --chown=semstreams:semstreams /build/semstreams-bin /app/semstreams
#18 CACHED

#19 [production  6/10] COPY --from=builder --chown=semstreams:semstreams /build/configs /app/configs
#19 DONE 0.1s

#20 [production  7/10] COPY --from=builder --chown=semstreams:semstreams /build/.devcontainer /app/.devcontainer
#20 DONE 0.0s

#21 [production  8/10] RUN mkdir -p /etc/semstreams &&     chown semstreams:semstreams /etc/semstreams
#21 DONE 0.1s

#22 [production  9/10] RUN mkdir -p /data &&     chown semstreams:semstreams /data
#22 DONE 0.1s

#23 [production 10/10] RUN mkdir -p /artifacts/research /artifacts/plans /artifacts/specs &&     chown -R semstreams:semstreams /artifacts
#23 DONE 0.1s

#24 exporting to image
#24 exporting layers 0.1s done
#24 exporting manifest sha256:ddb7d305943b1a53522100cbd98075f831a2d3ba89f4ac61451a7bedc3b9d9fa done
#24 exporting config sha256:d17be53f65430ec0d18c79c170a3357ae44b4ecd572ca2b9e0a7ec3f0375e7f6 done
#24 exporting attestation manifest sha256:a8c80f87a7973c60853a45686b823ddf0ee55a16f407f1fb49d6daf9ae45e5c2 done
#24 exporting manifest list sha256:83ddf378cef73029a014bb0f90225f2a166e9538a37ebfac1f62329f0934b23c done
#24 naming to docker.io/library/stmig162-backend:autoresearch-repair-stable done
#24 unpacking to docker.io/library/stmig162-backend:autoresearch-repair-stable
#24 unpacking to docker.io/library/stmig162-backend:autoresearch-repair-stable 0.0s done
#24 DONE 0.1s

#25 resolving provenance for metadata file
#25 DONE 0.0s
 Image stmig162-backend:autoresearch-repair-stable Built 
