{"scenario": "run-approval-boundary", "command": "120", "elapsed": 0, "loops": {"error": "<urlopen error [Errno 61] Connection refused>"}}
{"scenario": "run-approval-boundary", "command": "--output=/private/tmp/semteams-migration-8b99efe/repair/final-stable/run-approval-boundary/test-results", "elapsed": 0, "loops": {"status": 503, "body": "{\"response_id\":\"c73371d4-f949-4fef-b30b-342564be5648\",\"type\":\"error\",\"content\":\"loop state is not available right now; retry shortly\",\"timestamp\":\"2026-10-01T14:37:35Z\"}\n"}}
{"name": "run-approval-boundary", "exit": 0, "playwright_exit": 0, "skipped": false, "source_changed": false}
{"scenario": "research-mvp", "command": "120", "elapsed": 0, "loops": {"error": "<urlopen error [Errno 61] Connection refused>"}}
{"scenario": "research-mvp", "command": "--output=/private/tmp/semteams-migration-8b99efe/repair/final-stable/research-mvp/test-results", "elapsed": 0, "loops": {"status": 503, "body": "{\"response_id\":\"b186865c-307f-4f5b-844a-68934f160595\",\"type\":\"error\",\"content\":\"loop state is not available right now; retry shortly\",\"timestamp\":\"2026-10-01T14:37:55Z\"}\n"}}
{"name": "research-mvp", "exit": 0, "playwright_exit": 0, "skipped": false, "source_changed": false}
{"scenario": "autoresearch", "command": "120", "elapsed": 0, "loops": {"error": "<urlopen error [Errno 61] Connection refused>"}}
{"scenario": "autoresearch", "command": "--output=/private/tmp/semteams-migration-8b99efe/repair/final-stable/autoresearch/test-results", "elapsed": 0, "loops": {"status": 503, "body": "{\"response_id\":\"d088888e-e543-4d8c-acb7-c9a0bab988e1\",\"type\":\"error\",\"content\":\"loop state is not available right now; retry shortly\",\"timestamp\":\"2026-10-01T14:38:14Z\"}\n"}}
{"name": "autoresearch", "exit": 0, "playwright_exit": 0, "skipped": false, "source_changed": false}
{"scenario": "autoresearch-guardrails", "command": "120", "elapsed": 0, "loops": {"error": "<urlopen error [Errno 61] Connection refused>"}}
{"scenario": "autoresearch-guardrails", "command": "--output=/private/tmp/semteams-migration-8b99efe/repair/final-stable/autoresearch-guardrails/test-results", "elapsed": 0, "loops": {"status": 503, "body": "{\"response_id\":\"d82bf88f-e103-4111-93ee-83f3e5639680\",\"type\":\"error\",\"content\":\"loop state is not available right now; retry shortly\",\"timestamp\":\"2026-10-01T14:38:32Z\"}\n"}}
{"name": "autoresearch-guardrails", "exit": 0, "playwright_exit": 0, "skipped": false, "source_changed": false}
{"scenario": "coordinator-routing-matrix", "command": "120", "elapsed": 0, "loops": {"error": "<urlopen error [Errno 61] Connection refused>"}}
{"scenario": "coordinator-routing-matrix", "command": "--output=/private/tmp/semteams-migration-8b99efe/repair/final-stable/coordinator-routing-matrix/test-results", "elapsed": 0, "loops": {"status": 503, "body": "{\"response_id\":\"d91b6462-4fd0-4b45-9b02-2cb51b90a212\",\"type\":\"error\",\"content\":\"loop state is not available right now; retry shortly\",\"timestamp\":\"2026-10-01T14:38:51Z\"}\n"}}
{"scenario": "coordinator-routing-matrix", "command": "--output=/private/tmp/semteams-migration-8b99efe/repair/final-stable/coordinator-routing-matrix/test-results", "elapsed": 25, "loops": [{"loop_id": "023dd181-8a12-4f32-9a9a-342a19bf382c", "role": "coordinator", "state": "complete"}, {"loop_id": "024a249f-7aa0-4ca0-859b-6de80d4fe316", "role": "coordinator", "state": "complete"}, {"loop_id": "0e1f0a05-750c-48c4-99d9-4e7e6a090186", "role": "coordinator", "state": "complete"}, {"loop_id": "2862f719-747c-4fdf-983d-c76268acb8bc", "role": "coordinator", "state": "complete"}, {"loop_id": "3dd75e73-1d70-40d9-98af-2ec8c85bfce4", "role": "coordinator", "state": "complete"}, {"loop_id": "4bbad88d-0503-4e3c-bdda-07104989fb11", "role": "coordinator", "state": "complete"}, {"loop_id": "5e93232a-5b5a-4416-beea-f30bf5a40d5e", "role": "coordinator", "state": "complete"}, {"loop_id": "987542e1-f3e0-4a20-8ded-e2f579a3d717", "role": "coordinator", "state": "complete"}, {"loop_id": "b660076c-d1ba-4297-a5c5-860f396855df", "role": "coordinator", "state": "complete"}, {"loop_id": "c7ee2d57-a6a1-4c51-9a77-c393a61aef83", "role": "coordinator", "state": "complete"}, {"loop_id": "df9cd357-f692-4501-8b6f-b93177edf018", "role": "coordinator", "state": "complete"}]}
{"name": "coordinator-routing-matrix", "exit": 0, "playwright_exit": 0, "skipped": false, "source_changed": false}
{"scenario": "coordinator-readiness-gate", "command": "120", "elapsed": 0, "loops": {"error": "<urlopen error [Errno 61] Connection refused>"}}
{"scenario": "coordinator-readiness-gate", "command": "--output=/private/tmp/semteams-migration-8b99efe/repair/final-stable/coordinator-readiness-gate/test-results", "elapsed": 0, "loops": {"status": 503, "body": "{\"response_id\":\"4a743336-3f89-4597-8b2d-63e2703bcaf2\",\"type\":\"error\",\"content\":\"loop state is not available right now; retry shortly\",\"timestamp\":\"2026-10-01T14:39:31Z\"}\n"}}
{"name": "coordinator-readiness-gate", "exit": 0, "playwright_exit": 0, "skipped": false, "source_changed": false}
{"scenario": "coordinator-team-spawn", "command": "120", "elapsed": 0, "loops": {"error": "<urlopen error [Errno 61] Connection refused>"}}
{"scenario": "coordinator-team-spawn", "command": "--output=/private/tmp/semteams-migration-8b99efe/repair/final-stable/coordinator-team-spawn/test-results", "elapsed": 0, "loops": {"status": 503, "body": "{\"response_id\":\"eb301f05-5780-4950-97da-13e7e7f89efd\",\"type\":\"error\",\"content\":\"loop state is not available right now; retry shortly\",\"timestamp\":\"2026-10-01T14:39:52Z\"}\n"}}
{"name": "coordinator-team-spawn", "exit": 0, "playwright_exit": 0, "skipped": false, "source_changed": false}
{"scenario": "sandbox-mvp", "command": "120", "elapsed": 0, "loops": {"error": "<urlopen error [Errno 61] Connection refused>"}}
{"scenario": "sandbox-mvp", "command": "--output=/private/tmp/semteams-migration-8b99efe/repair/final-stable/sandbox-mvp/test-results", "elapsed": 0, "loops": {"status": 503, "body": "{\"response_id\":\"29180ae7-2363-473a-837a-6f2ff6642acb\",\"type\":\"error\",\"content\":\"loop state is not available right now; retry shortly\",\"timestamp\":\"2026-10-01T14:40:12Z\"}\n"}}
{"name": "sandbox-mvp", "exit": 0, "playwright_exit": 0, "skipped": false, "source_changed": false}
{"scenario": "ops-agent", "command": "120", "elapsed": 0, "loops": {"error": "<urlopen error [Errno 61] Connection refused>"}}
{"scenario": "ops-agent", "command": "--output=/private/tmp/semteams-migration-8b99efe/repair/final-stable/ops-agent/test-results", "elapsed": 0, "loops": {"status": 503, "body": "{\"response_id\":\"569073cd-34b9-4839-a9ef-eeac8738e57e\",\"type\":\"error\",\"content\":\"loop state is not available right now; retry shortly\",\"timestamp\":\"2026-10-01T14:40:29Z\"}\n"}}
{"name": "ops-agent", "exit": 0, "playwright_exit": 0, "skipped": false, "source_changed": false}
{"scenario": "real-time-activity-stream", "command": "120", "elapsed": 0, "loops": {"error": "<urlopen error [Errno 61] Connection refused>"}}
{"scenario": "real-time-activity-stream", "command": "--output=/private/tmp/semteams-migration-8b99efe/repair/final-stable/real-time-activity-stream/test-results", "elapsed": 0, "loops": {"status": 503, "body": "{\"response_id\":\"8225d222-75ed-4090-8318-fac2fc844515\",\"type\":\"error\",\"content\":\"loop state is not available right now; retry shortly\",\"timestamp\":\"2026-10-01T14:40:45Z\"}\n"}}
{"name": "real-time-activity-stream", "exit": 0, "playwright_exit": 0, "skipped": false, "source_changed": false}
{"scenario": "task-story-trace", "command": "120", "elapsed": 0, "loops": {"error": "<urlopen error [Errno 61] Connection refused>"}}
{"scenario": "task-story-trace", "command": "--output=/private/tmp/semteams-migration-8b99efe/repair/final-stable/task-story-trace/test-results", "elapsed": 0, "loops": {"status": 503, "body": "{\"response_id\":\"14a6fa60-aa5b-472e-8f3e-8fc77d7ab882\",\"type\":\"error\",\"content\":\"loop state is not available right now; retry shortly\",\"timestamp\":\"2026-10-01T14:41:02Z\"}\n"}}
{"name": "task-story-trace", "exit": 0, "playwright_exit": 0, "skipped": false, "source_changed": false}
{"scenario": "action-chips", "command": "120", "elapsed": 0, "loops": {"error": "<urlopen error [Errno 61] Connection refused>"}}
{"scenario": "action-chips", "command": "--output=/private/tmp/semteams-migration-8b99efe/repair/final-stable/action-chips/test-results", "elapsed": 0, "loops": {"status": 503, "body": "{\"response_id\":\"eb88bef3-ab4f-4c3d-b58d-af4c9dac0431\",\"type\":\"error\",\"content\":\"loop state is not available right now; retry shortly\",\"timestamp\":\"2026-10-01T14:41:19Z\"}\n"}}
{"name": "action-chips", "exit": 0, "playwright_exit": 0, "skipped": false, "source_changed": false}
{"scenario": "task-title-aliases", "command": "120", "elapsed": 0, "loops": {"error": "<urlopen error [Errno 61] Connection refused>"}}
{"scenario": "task-title-aliases", "command": "--output=/private/tmp/semteams-migration-8b99efe/repair/final-stable/task-title-aliases/test-results", "elapsed": 0, "loops": []}
{"name": "task-title-aliases", "exit": 0, "playwright_exit": 0, "skipped": false, "source_changed": false}
{"scenario": "admin-flows-inventory", "command": "120", "elapsed": 0, "loops": {"error": "<urlopen error [Errno 61] Connection refused>"}}
{"scenario": "admin-flows-inventory", "command": "--output=/private/tmp/semteams-migration-8b99efe/repair/final-stable/admin-flows-inventory/test-results", "elapsed": 0, "loops": {"status": 503, "body": "{\"response_id\":\"dc2fa4d2-f755-48bf-8ca9-f22e55dde08f\",\"type\":\"error\",\"content\":\"loop state is not available right now; retry shortly\",\"timestamp\":\"2026-10-01T14:41:52Z\"}\n"}}
{"name": "admin-flows-inventory", "exit": 0, "playwright_exit": 0, "skipped": false, "source_changed": false}
{"scenario": "chain-drill-in", "command": "120", "elapsed": 0, "loops": {"error": "<urlopen error [Errno 61] Connection refused>"}}
{"scenario": "chain-drill-in", "command": "--output=/private/tmp/semteams-migration-8b99efe/repair/final-stable/chain-drill-in/test-results", "elapsed": 0, "loops": {"status": 503, "body": "{\"response_id\":\"cc45a9d5-3744-4c6f-a480-2d060192d817\",\"type\":\"error\",\"content\":\"loop state is not available right now; retry shortly\",\"timestamp\":\"2026-10-01T14:42:10Z\"}\n"}}
{"name": "chain-drill-in", "exit": 0, "playwright_exit": 0, "skipped": false, "source_changed": false}
{"scenario": "artifact-context-handoff", "command": "--output=/private/tmp/semteams-migration-8b99efe/repair/final-stable/artifact-context-handoff/test-results", "elapsed": 0, "loops": {"error": "<urlopen error [Errno 61] Connection refused>"}}
{"name": "artifact-context-handoff", "exit": 0, "playwright_exit": 0, "skipped": true, "source_changed": false}
{"scenario": "run-failed", "command": "120", "elapsed": 0, "loops": {"error": "<urlopen error [Errno 61] Connection refused>"}}
{"scenario": "run-failed", "command": "--output=/private/tmp/semteams-migration-8b99efe/repair/final-stable/run-failed/test-results", "elapsed": 0, "loops": []}
{"name": "run-failed", "exit": 0, "playwright_exit": 0, "skipped": false, "source_changed": false}
{"scenario": "run-failed-coordinator", "command": "--output=/private/tmp/semteams-migration-8b99efe/repair/final-stable/run-failed-coordinator/test-results", "elapsed": 0, "loops": {"error": "<urlopen error [Errno 61] Connection refused>"}}
{"name": "run-failed-coordinator", "exit": 0, "playwright_exit": 0, "skipped": true, "source_changed": false}
{"scenario": "run-failed-coordinator-inherit", "command": "--output=/private/tmp/semteams-migration-8b99efe/repair/final-stable/run-failed-coordinator-inherit/test-results", "elapsed": 0, "loops": {"error": "<urlopen error [Errno 61] Connection refused>"}}
{"name": "run-failed-coordinator-inherit", "exit": 0, "playwright_exit": 0, "skipped": true, "source_changed": false}
{"scenario": "ask-user-pause", "command": "--output=/private/tmp/semteams-migration-8b99efe/repair/final-stable/ask-user-pause/test-results", "elapsed": 0, "loops": {"error": "<urlopen error [Errno 61] Connection refused>"}}
{"name": "ask-user-pause", "exit": 0, "playwright_exit": 0, "skipped": true, "source_changed": false}
{"scenario": "clarification-resume", "command": "--output=/private/tmp/semteams-migration-8b99efe/repair/final-stable/clarification-resume/test-results", "elapsed": 0, "loops": {"error": "<urlopen error [Errno 61] Connection refused>"}}
{"name": "clarification-resume", "exit": 0, "playwright_exit": 0, "skipped": true, "source_changed": false}
{"scenario": "clarification-autonomous", "command": "120", "elapsed": 0, "loops": {"error": "<urlopen error [Errno 61] Connection refused>"}}
{"scenario": "clarification-autonomous", "command": "--output=/private/tmp/semteams-migration-8b99efe/repair/final-stable/clarification-autonomous/test-results", "elapsed": 0, "loops": {"status": 503, "body": "{\"response_id\":\"c5d2c40f-5423-4894-b3fb-39608accaf5b\",\"type\":\"error\",\"content\":\"loop state is not available right now; retry shortly\",\"timestamp\":\"2026-10-01T14:42:52Z\"}\n"}}
{"name": "clarification-autonomous", "exit": 0, "playwright_exit": 0, "skipped": false, "source_changed": false}
{"scenario": "approval-boundary-approve", "command": "120", "elapsed": 0, "loops": {"error": "<urlopen error [Errno 61] Connection refused>"}}
{"scenario": "approval-boundary-approve", "command": "--output=/private/tmp/semteams-migration-8b99efe/repair/final-stable/approval-boundary-approve/test-results", "elapsed": 0, "loops": {"status": 503, "body": "{\"response_id\":\"94d2ae3c-c04f-4153-88f9-045b6652a6fd\",\"type\":\"error\",\"content\":\"loop state is not available right now; retry shortly\",\"timestamp\":\"2026-10-01T14:43:09Z\"}\n"}}
{"name": "approval-boundary-approve", "exit": 0, "playwright_exit": 0, "skipped": false, "source_changed": false}
{"scenario": "approval-boundary-reject", "command": "120", "elapsed": 0, "loops": {"error": "<urlopen error [Errno 61] Connection refused>"}}
{"scenario": "approval-boundary-reject", "command": "--output=/private/tmp/semteams-migration-8b99efe/repair/final-stable/approval-boundary-reject/test-results", "elapsed": 0, "loops": {"status": 503, "body": "{\"response_id\":\"3272ce6b-585b-40cd-924a-a2957ed8fa75\",\"type\":\"error\",\"content\":\"loop state is not available right now; retry shortly\",\"timestamp\":\"2026-10-01T14:43:25Z\"}\n"}}
{"name": "approval-boundary-reject", "exit": 0, "playwright_exit": 0, "skipped": false, "source_changed": false}
{"scenario": "approval-boundary-cancel", "command": "120", "elapsed": 0, "loops": {"error": "<urlopen error [Errno 61] Connection refused>"}}
{"scenario": "approval-boundary-cancel", "command": "--output=/private/tmp/semteams-migration-8b99efe/repair/final-stable/approval-boundary-cancel/test-results", "elapsed": 0, "loops": {"status": 503, "body": "{\"response_id\":\"4a953555-2052-4b00-8b05-8ea954a39749\",\"type\":\"error\",\"content\":\"loop state is not available right now; retry shortly\",\"timestamp\":\"2026-10-01T14:43:43Z\"}\n"}}
{"name": "approval-boundary-cancel", "exit": 0, "playwright_exit": 0, "skipped": false, "source_changed": false}
{"scenario": "research-fanout", "command": "120", "elapsed": 0, "loops": {"error": "<urlopen error [Errno 61] Connection refused>"}}
{"scenario": "research-fanout", "command": "--output=/private/tmp/semteams-migration-8b99efe/repair/final-stable/research-fanout/test-results", "elapsed": 0, "loops": {"status": 503, "body": "{\"response_id\":\"685cecce-3333-4534-b8e0-1513fa693306\",\"type\":\"error\",\"content\":\"loop state is not available right now; retry shortly\",\"timestamp\":\"2026-10-01T14:44:00Z\"}\n"}}
{"name": "research-fanout", "exit": 0, "playwright_exit": 0, "skipped": false, "source_changed": false}
{"scenario": "autoresearch-descended-clarification", "command": "120", "elapsed": 0, "loops": {"error": "<urlopen error [Errno 61] Connection refused>"}}
{"scenario": "autoresearch-descended-clarification", "command": "--output=/private/tmp/semteams-migration-8b99efe/repair/final-stable/autoresearch-descended-clarification/test-results", "elapsed": 0, "loops": {"status": 503, "body": "{\"response_id\":\"34555c1b-72fe-466b-9c2f-3a6743c59d79\",\"type\":\"error\",\"content\":\"loop state is not available right now; retry shortly\",\"timestamp\":\"2026-10-01T14:44:18Z\"}\n"}}
{"name": "autoresearch-descended-clarification", "exit": 0, "playwright_exit": 0, "skipped": false, "source_changed": false}
{"scenario": "autoresearch-propose-failed", "command": "120", "elapsed": 0, "loops": {"error": "<urlopen error [Errno 61] Connection refused>"}}
{"scenario": "autoresearch-propose-failed", "command": "--output=/private/tmp/semteams-migration-8b99efe/repair/final-stable/autoresearch-propose-failed/test-results", "elapsed": 0, "loops": {"status": 503, "body": "{\"response_id\":\"b1d7799c-8a27-4070-b0a1-100224ae5ae1\",\"type\":\"error\",\"content\":\"loop state is not available right now; retry shortly\",\"timestamp\":\"2026-10-01T14:44:34Z\"}\n"}}
{"name": "autoresearch-propose-failed", "exit": 0, "playwright_exit": 0, "skipped": false, "source_changed": false}
{"scenario": "autoresearch-descended-status", "command": "120", "elapsed": 0, "loops": {"error": "<urlopen error [Errno 61] Connection refused>"}}
{"scenario": "autoresearch-descended-status", "command": "--output=/private/tmp/semteams-migration-8b99efe/repair/final-stable/autoresearch-descended-status/test-results", "elapsed": 0, "loops": {"status": 503, "body": "{\"response_id\":\"591e31e1-15d5-4fd6-a3dc-be1e9d529c5c\",\"type\":\"error\",\"content\":\"loop state is not available right now; retry shortly\",\"timestamp\":\"2026-10-01T14:44:51Z\"}\n"}}
{"name": "autoresearch-descended-status", "exit": 0, "playwright_exit": 0, "skipped": false, "source_changed": false}
