task: [test:integration] echo "[INTEGRATION] Running integration tests with real NATS (via testcontainers)..."
[INTEGRATION] Running integration tests with real NATS (via testcontainers)...
task: [test:integration] go test -race -count=1 -tags=integration -p 1 ./...
ok  	github.com/c360studio/semteams/cmd/openapi-generator	1.540s
ok  	github.com/c360studio/semteams/cmd/semteams	2.785s
ok  	github.com/c360studio/semteams/cmd/semteams/approvalpause	1.739s
ok  	github.com/c360studio/semteams/cmd/semteams/chain	1.633s
ok  	github.com/c360studio/semteams/cmd/semteams/chainpause	2.052s
ok  	github.com/c360studio/semteams/cmd/semteams/commands/implementspec	1.306s
?   	github.com/c360studio/semteams/cmd/semteams/commands/teamhint	[no test files]
?   	github.com/c360studio/semteams/cmd/semteams/devviaspec	[no test files]
ok  	github.com/c360studio/semteams/cmd/semteams/openspec	1.312s
ok  	github.com/c360studio/semteams/cmd/semteams/portresolver	1.327s
ok  	github.com/c360studio/semteams/cmd/semteams/research	1.228s
ok  	github.com/c360studio/semteams/cmd/semteams/runanchor	1.220s
ok  	github.com/c360studio/semteams/cmd/semteams/sandbox	4.715s
ok  	github.com/c360studio/semteams/cmd/semteams/sandboxmanager	1.344s
ok  	github.com/c360studio/semteams/cmd/semteams/sandboxruntime	1.312s
?   	github.com/c360studio/semteams/cmd/semteams/semsource	[no test files]
ok  	github.com/c360studio/semteams/cmd/semteams/slug	1.219s
ok  	github.com/c360studio/semteams/cmd/semteams/tools/addsource	1.313s
ok  	github.com/c360studio/semteams/cmd/semteams/tools/analyzeproof	1.417s
ok  	github.com/c360studio/semteams/cmd/semteams/tools/chainbash	1.241s
ok  	github.com/c360studio/semteams/cmd/semteams/tools/emitartifact	1.400s
ok  	github.com/c360studio/semteams/cmd/semteams/tools/emitautoresearchartifact	1.386s
ok  	github.com/c360studio/semteams/cmd/semteams/tools/emitautoresearchbaseline	1.301s
ok  	github.com/c360studio/semteams/cmd/semteams/tools/emitautoresearchmeasurement	1.328s
ok  	github.com/c360studio/semteams/cmd/semteams/tools/emitchange	1.338s
ok  	github.com/c360studio/semteams/cmd/semteams/tools/emitdevviatestmeasurement	1.306s
ok  	github.com/c360studio/semteams/cmd/semteams/tools/emitdevviatestplan	1.326s
ok  	github.com/c360studio/semteams/cmd/semteams/tools/emitplan	1.336s
ok  	github.com/c360studio/semteams/cmd/semteams/tools/projectspecplan	1.307s
ok  	github.com/c360studio/semteams/cmd/semteams/tools/querysandboxattestation	1.332s
ok  	github.com/c360studio/semteams/cmd/semteams/tools/renderopenspec	1.252s
ok  	github.com/c360studio/semteams/cmd/semteams/tools/requestsandbox	1.312s
?   	github.com/c360studio/semteams/cmd/semteams/vocab	[no test files]
ok  	github.com/c360studio/semteams/test/contract	4.601s
ok  	github.com/c360studio/semteams/test/e2e/mock	1.421s
?   	github.com/c360studio/semteams/test/e2e/mock/cmd	[no test files]
ok  	github.com/c360studio/semteams/test/integration	1.311s
task: [test:integration] echo "[OK] Integration tests complete"
[OK] Integration tests complete
