task: [test:race] go test -race -count=1 ./...
ok  	github.com/c360studio/semteams/cmd/openapi-generator	1.611s
ok  	github.com/c360studio/semteams/cmd/semteams	1.606s
ok  	github.com/c360studio/semteams/cmd/semteams/approvalpause	1.836s
ok  	github.com/c360studio/semteams/cmd/semteams/chain	1.967s
ok  	github.com/c360studio/semteams/cmd/semteams/chainpause	2.191s
ok  	github.com/c360studio/semteams/cmd/semteams/commands/implementspec	2.355s
?   	github.com/c360studio/semteams/cmd/semteams/commands/teamhint	[no test files]
?   	github.com/c360studio/semteams/cmd/semteams/devviaspec	[no test files]
ok  	github.com/c360studio/semteams/cmd/semteams/openspec	2.508s
ok  	github.com/c360studio/semteams/cmd/semteams/portresolver	2.600s
ok  	github.com/c360studio/semteams/cmd/semteams/research	2.656s
ok  	github.com/c360studio/semteams/cmd/semteams/runanchor	2.770s
ok  	github.com/c360studio/semteams/cmd/semteams/sandbox	6.192s
ok  	github.com/c360studio/semteams/cmd/semteams/sandboxmanager	2.788s
ok  	github.com/c360studio/semteams/cmd/semteams/sandboxruntime	2.435s
?   	github.com/c360studio/semteams/cmd/semteams/semsource	[no test files]
ok  	github.com/c360studio/semteams/cmd/semteams/slug	2.417s
ok  	github.com/c360studio/semteams/cmd/semteams/tools/addsource	2.389s
ok  	github.com/c360studio/semteams/cmd/semteams/tools/analyzeproof	2.433s
ok  	github.com/c360studio/semteams/cmd/semteams/tools/chainbash	2.347s
ok  	github.com/c360studio/semteams/cmd/semteams/tools/emitartifact	2.455s
ok  	github.com/c360studio/semteams/cmd/semteams/tools/emitautoresearchartifact	2.540s
ok  	github.com/c360studio/semteams/cmd/semteams/tools/emitautoresearchbaseline	2.543s
ok  	github.com/c360studio/semteams/cmd/semteams/tools/emitautoresearchmeasurement	2.627s
ok  	github.com/c360studio/semteams/cmd/semteams/tools/emitchange	2.750s
ok  	github.com/c360studio/semteams/cmd/semteams/tools/emitdevviatestmeasurement	2.414s
ok  	github.com/c360studio/semteams/cmd/semteams/tools/emitdevviatestplan	2.430s
ok  	github.com/c360studio/semteams/cmd/semteams/tools/emitplan	2.565s
ok  	github.com/c360studio/semteams/cmd/semteams/tools/projectspecplan	2.534s
ok  	github.com/c360studio/semteams/cmd/semteams/tools/querysandboxattestation	2.520s
ok  	github.com/c360studio/semteams/cmd/semteams/tools/renderopenspec	2.524s
ok  	github.com/c360studio/semteams/cmd/semteams/tools/requestsandbox	2.446s
?   	github.com/c360studio/semteams/cmd/semteams/vocab	[no test files]
ok  	github.com/c360studio/semteams/test/contract	3.255s
ok  	github.com/c360studio/semteams/test/e2e/mock	7.631s
?   	github.com/c360studio/semteams/test/e2e/mock/cmd	[no test files]
