=== RUN   TestAutoresearchReplyNativeOrigin
2026/10/01 09:19:21 github.com/testcontainers/testcontainers-go - Connected to docker: 
  Server Version: 29.8.0
  API Version: 1.51
  Operating System: Docker Desktop
  Total Memory: 23742 MB
  Labels:
    com.docker.desktop.address=unix:///Users/coby/Library/Containers/com.docker.docker/Data/docker-cli.sock
  Testcontainers for Go Version: v0.40.0
  Resolved Docker Host: unix:///var/run/docker.sock
  Resolved Docker Socket Path: /var/run/docker.sock
  Test SessionID: a270f04c1f2482ee5fe95b693b672c3a21f37dfb9dbb85e7479d7c965e405f1e
  Test ProcessID: 1a168981-8802-44a7-9eab-67dcd20d9a49
2026/10/01 09:19:21 🐳 Creating container for image nats:2.14.4
2026/10/01 09:19:21 ✅ Container created: f8ebcba313bd
2026/10/01 09:19:21 🐳 Starting container: f8ebcba313bd
2026/10/01 09:19:21 ✅ Container started: f8ebcba313bd
2026/10/01 09:19:21 ⏳ Waiting for container id f8ebcba313bd image: nats:2.14.4. Waiting for: log message "Server is ready"
2026/10/01 09:19:21 🔔 Container is ready: f8ebcba313bd
2026/10/01 09:19:21 INFO Connecting to NATS urls=nats://localhost:55027
2026/10/01 09:19:21 INFO Successfully connected to NATS urls=nats://localhost:55027
=== RUN   TestAutoresearchReplyNativeOrigin/reviewer_waits_for_successful_run
2026/10/01 09:19:21 INFO Created new KV bucket bucket=TestAutoresearchReplyNativeOrigin_reviewer_waits_for_successful_run_1790864361287980000
=== RUN   TestAutoresearchReplyNativeOrigin/approved
2026/10/01 09:19:21 INFO Created new KV bucket bucket=TestAutoresearchReplyNativeOrigin_approved_1790864361297615000
=== RUN   TestAutoresearchReplyNativeOrigin/clarification
2026/10/01 09:19:21 INFO Created new KV bucket bucket=TestAutoresearchReplyNativeOrigin_clarification_1790864361312170000
=== RUN   TestAutoresearchReplyNativeOrigin/failed
2026/10/01 09:19:21 INFO Created new KV bucket bucket=TestAutoresearchReplyNativeOrigin_failed_1790864361321285000
2026/10/01 09:19:21 🐳 Stopping container: f8ebcba313bd
2026/10/01 09:19:21 ✅ Container stopped: f8ebcba313bd
2026/10/01 09:19:21 🐳 Terminating container: f8ebcba313bd
2026/10/01 09:19:21 🚫 Container terminated: f8ebcba313bd
--- PASS: TestAutoresearchReplyNativeOrigin (0.34s)
    --- PASS: TestAutoresearchReplyNativeOrigin/reviewer_waits_for_successful_run (0.01s)
    --- PASS: TestAutoresearchReplyNativeOrigin/approved (0.01s)
    --- PASS: TestAutoresearchReplyNativeOrigin/clarification (0.01s)
    --- PASS: TestAutoresearchReplyNativeOrigin/failed (0.01s)
=== RUN   TestAutoresearchReplyPhaseAndOriginGuards
2026/10/01 09:19:21 🐳 Creating container for image nats:2.14.4
2026/10/01 09:19:21 ✅ Container created: d751512640c4
2026/10/01 09:19:21 🐳 Starting container: d751512640c4
2026/10/01 09:19:21 ✅ Container started: d751512640c4
2026/10/01 09:19:21 ⏳ Waiting for container id d751512640c4 image: nats:2.14.4. Waiting for: log message "Server is ready"
2026/10/01 09:19:21 🔔 Container is ready: d751512640c4
2026/10/01 09:19:21 INFO Connecting to NATS urls=nats://localhost:55028
2026/10/01 09:19:21 INFO Successfully connected to NATS urls=nats://localhost:55028
=== RUN   TestAutoresearchReplyPhaseAndOriginGuards/dispatched
2026/10/01 09:19:21 INFO Created new KV bucket bucket=TestAutoresearchReplyPhaseAndOriginGuards_dispatched_1790864361742565000
2026/10/01 09:19:21 INFO Created new KV bucket bucket=TestAutoresearchReplyPhaseAndOriginGuards_dispatched_1790864361752670000
2026/10/01 09:19:21 INFO Created new KV bucket bucket=TestAutoresearchReplyPhaseAndOriginGuards_dispatched_1790864361758757000
=== RUN   TestAutoresearchReplyPhaseAndOriginGuards/executing
2026/10/01 09:19:21 INFO Created new KV bucket bucket=TestAutoresearchReplyPhaseAndOriginGuards_executing_1790864361764155000
2026/10/01 09:19:21 INFO Created new KV bucket bucket=TestAutoresearchReplyPhaseAndOriginGuards_executing_1790864361768274000
2026/10/01 09:19:21 INFO Created new KV bucket bucket=TestAutoresearchReplyPhaseAndOriginGuards_executing_1790864361772456000
=== RUN   TestAutoresearchReplyPhaseAndOriginGuards/awaiting_approval
2026/10/01 09:19:21 INFO Created new KV bucket bucket=TestAutoresearchReplyPhaseAndOriginGuards_awaiting_approval_1790864361776764000
2026/10/01 09:19:21 INFO Created new KV bucket bucket=TestAutoresearchReplyPhaseAndOriginGuards_awaiting_approval_1790864361780616000
2026/10/01 09:19:21 INFO Created new KV bucket bucket=TestAutoresearchReplyPhaseAndOriginGuards_awaiting_approval_1790864361784148000
=== RUN   TestAutoresearchReplyPhaseAndOriginGuards/completed
2026/10/01 09:19:21 INFO Created new KV bucket bucket=TestAutoresearchReplyPhaseAndOriginGuards_completed_1790864361788719000
2026/10/01 09:19:21 INFO Created new KV bucket bucket=TestAutoresearchReplyPhaseAndOriginGuards_completed_1790864361792507000
2026/10/01 09:19:21 INFO Created new KV bucket bucket=TestAutoresearchReplyPhaseAndOriginGuards_completed_1790864361798824000
=== RUN   TestAutoresearchReplyPhaseAndOriginGuards/failed
2026/10/01 09:19:21 INFO Created new KV bucket bucket=TestAutoresearchReplyPhaseAndOriginGuards_failed_1790864361802886000
2026/10/01 09:19:21 INFO Created new KV bucket bucket=TestAutoresearchReplyPhaseAndOriginGuards_failed_1790864361806647000
2026/10/01 09:19:21 INFO Created new KV bucket bucket=TestAutoresearchReplyPhaseAndOriginGuards_failed_1790864361810223000
=== RUN   TestAutoresearchReplyPhaseAndOriginGuards/cancelled
2026/10/01 09:19:21 INFO Created new KV bucket bucket=TestAutoresearchReplyPhaseAndOriginGuards_cancelled_1790864361814017000
2026/10/01 09:19:21 INFO Created new KV bucket bucket=TestAutoresearchReplyPhaseAndOriginGuards_cancelled_1790864361817715000
2026/10/01 09:19:21 INFO Created new KV bucket bucket=TestAutoresearchReplyPhaseAndOriginGuards_cancelled_1790864361820703000
=== RUN   TestAutoresearchReplyPhaseAndOriginGuards/missing_origin
2026/10/01 09:19:21 INFO Created new KV bucket bucket=TestAutoresearchReplyPhaseAndOriginGuards_missing_origin_1790864361824109000
=== RUN   TestAutoresearchReplyPhaseAndOriginGuards/foreign_authority
2026/10/01 09:19:21 INFO Created new KV bucket bucket=TestAutoresearchReplyPhaseAndOriginGuards_foreign_authority_1790864361827448000
=== RUN   TestAutoresearchReplyPhaseAndOriginGuards/wrong_instance
2026/10/01 09:19:21 INFO Created new KV bucket bucket=TestAutoresearchReplyPhaseAndOriginGuards_wrong_instance_1790864361831326000
=== RUN   TestAutoresearchReplyPhaseAndOriginGuards/two_origins
2026/10/01 09:19:21 INFO Created new KV bucket bucket=TestAutoresearchReplyPhaseAndOriginGuards_two_origins_1790864361839225000
=== RUN   TestAutoresearchReplyPhaseAndOriginGuards/missing_source
2026/10/01 09:19:21 INFO Created new KV bucket bucket=TestAutoresearchReplyPhaseAndOriginGuards_missing_source_1790864361845050000
=== RUN   TestAutoresearchReplyPhaseAndOriginGuards/ambiguous_source
2026/10/01 09:19:21 INFO Created new KV bucket bucket=TestAutoresearchReplyPhaseAndOriginGuards_ambiguous_source_1790864361851100000
2026/10/01 09:19:21 🐳 Stopping container: d751512640c4
2026/10/01 09:19:21 ✅ Container stopped: d751512640c4
2026/10/01 09:19:21 🐳 Terminating container: d751512640c4
2026/10/01 09:19:21 🚫 Container terminated: d751512640c4
--- PASS: TestAutoresearchReplyPhaseAndOriginGuards (0.55s)
    --- PASS: TestAutoresearchReplyPhaseAndOriginGuards/dispatched (0.02s)
    --- PASS: TestAutoresearchReplyPhaseAndOriginGuards/executing (0.01s)
    --- PASS: TestAutoresearchReplyPhaseAndOriginGuards/awaiting_approval (0.01s)
    --- PASS: TestAutoresearchReplyPhaseAndOriginGuards/completed (0.01s)
    --- PASS: TestAutoresearchReplyPhaseAndOriginGuards/failed (0.01s)
    --- PASS: TestAutoresearchReplyPhaseAndOriginGuards/cancelled (0.01s)
    --- PASS: TestAutoresearchReplyPhaseAndOriginGuards/missing_origin (0.00s)
    --- PASS: TestAutoresearchReplyPhaseAndOriginGuards/foreign_authority (0.00s)
    --- PASS: TestAutoresearchReplyPhaseAndOriginGuards/wrong_instance (0.01s)
    --- PASS: TestAutoresearchReplyPhaseAndOriginGuards/two_origins (0.01s)
    --- PASS: TestAutoresearchReplyPhaseAndOriginGuards/missing_source (0.01s)
    --- PASS: TestAutoresearchReplyPhaseAndOriginGuards/ambiguous_source (0.01s)
=== RUN   TestAutoresearchReplyExistingRunMint
2026/10/01 09:19:22 🐳 Creating container for image nats:2.14.4
2026/10/01 09:19:22 ✅ Container created: 29ddc9629edf
2026/10/01 09:19:22 🐳 Starting container: 29ddc9629edf
2026/10/01 09:19:22 ✅ Container started: 29ddc9629edf
2026/10/01 09:19:22 ⏳ Waiting for container id 29ddc9629edf image: nats:2.14.4. Waiting for: log message "Server is ready"
2026/10/01 09:19:22 🔔 Container is ready: 29ddc9629edf
2026/10/01 09:19:22 INFO Connecting to NATS urls=nats://localhost:55029
2026/10/01 09:19:22 INFO Successfully connected to NATS urls=nats://localhost:55029
=== RUN   TestAutoresearchReplyExistingRunMint/completed
2026/10/01 09:19:22 INFO Created new KV bucket bucket=TestAutoresearchReplyExistingRunMint_completed_1790864362232290000
=== RUN   TestAutoresearchReplyExistingRunMint/failed
2026/10/01 09:19:22 INFO Created new KV bucket bucket=TestAutoresearchReplyExistingRunMint_failed_1790864362242085000
=== RUN   TestAutoresearchReplyExistingRunMint/awaiting_approval
2026/10/01 09:19:22 INFO Created new KV bucket bucket=TestAutoresearchReplyExistingRunMint_awaiting_approval_1790864362250030000
=== RUN   TestAutoresearchReplyExistingRunMint/Mint_refuses_different_stored_origin
2026/10/01 09:19:22 INFO Created new KV bucket bucket=TestAutoresearchReplyExistingRunMint_Mint_refuses_different_stored_origin_1790864362257224000
2026/10/01 09:19:22 🐳 Stopping container: 29ddc9629edf
2026/10/01 09:19:22 ✅ Container stopped: 29ddc9629edf
2026/10/01 09:19:22 🐳 Terminating container: 29ddc9629edf
2026/10/01 09:19:22 🚫 Container terminated: 29ddc9629edf
--- PASS: TestAutoresearchReplyExistingRunMint (0.44s)
    --- PASS: TestAutoresearchReplyExistingRunMint/completed (0.01s)
    --- PASS: TestAutoresearchReplyExistingRunMint/failed (0.01s)
    --- PASS: TestAutoresearchReplyExistingRunMint/awaiting_approval (0.01s)
    --- PASS: TestAutoresearchReplyExistingRunMint/Mint_refuses_different_stored_origin (0.00s)
=== RUN   TestAutoresearchIterationCapAboveDefaultActionLimit
2026/10/01 09:19:22 🐳 Creating container for image nats:2.14.4
2026/10/01 09:19:22 ✅ Container created: 8b23e461695e
2026/10/01 09:19:22 🐳 Starting container: 8b23e461695e
2026/10/01 09:19:22 ✅ Container started: 8b23e461695e
2026/10/01 09:19:22 ⏳ Waiting for container id 8b23e461695e image: nats:2.14.4. Waiting for: log message "Server is ready"
2026/10/01 09:19:22 🔔 Container is ready: 8b23e461695e
2026/10/01 09:19:22 INFO Connecting to NATS urls=nats://localhost:55030
2026/10/01 09:19:22 INFO Successfully connected to NATS urls=nats://localhost:55030
2026/10/01 09:19:22 INFO Created new KV bucket bucket=TestAutoresearchIterationCapAboveDefaultActionLimit_1790864362612571000
2026/10/01 09:19:22 🐳 Stopping container: 8b23e461695e
2026/10/01 09:19:22 ✅ Container stopped: 8b23e461695e
2026/10/01 09:19:22 🐳 Terminating container: 8b23e461695e
2026/10/01 09:19:22 🚫 Container terminated: 8b23e461695e
--- PASS: TestAutoresearchIterationCapAboveDefaultActionLimit (0.33s)
=== RUN   TestAutoresearchReplySourceBoundaries
2026/10/01 09:19:22 🐳 Creating container for image nats:2.14.4
2026/10/01 09:19:22 ✅ Container created: 6f8cc44e6729
2026/10/01 09:19:22 🐳 Starting container: 6f8cc44e6729
2026/10/01 09:19:22 ✅ Container started: 6f8cc44e6729
2026/10/01 09:19:22 ⏳ Waiting for container id 6f8cc44e6729 image: nats:2.14.4. Waiting for: log message "Server is ready"
2026/10/01 09:19:22 🔔 Container is ready: 6f8cc44e6729
2026/10/01 09:19:22 INFO Connecting to NATS urls=nats://localhost:55031
2026/10/01 09:19:22 INFO Successfully connected to NATS urls=nats://localhost:55031
=== RUN   TestAutoresearchReplySourceBoundaries/approval_before_terminal
2026/10/01 09:19:22 INFO Created new KV bucket bucket=TestAutoresearchReplySourceBoundaries_approval_before_terminal_1790864362966966000
=== RUN   TestAutoresearchReplySourceBoundaries/approved_terminal
2026/10/01 09:19:22 INFO Created new KV bucket bucket=TestAutoresearchReplySourceBoundaries_approved_terminal_1790864362979069000
=== RUN   TestAutoresearchReplySourceBoundaries/rejected_review
2026/10/01 09:19:22 INFO Created new KV bucket bucket=TestAutoresearchReplySourceBoundaries_rejected_review_1790864362985782000
=== RUN   TestAutoresearchReplySourceBoundaries/clarification_before_terminal
2026/10/01 09:19:22 INFO Created new KV bucket bucket=TestAutoresearchReplySourceBoundaries_clarification_before_terminal_1790864362990650000
=== RUN   TestAutoresearchReplySourceBoundaries/descended_clarification
2026/10/01 09:19:22 INFO Created new KV bucket bucket=TestAutoresearchReplySourceBoundaries_descended_clarification_1790864362995199000
=== RUN   TestAutoresearchReplySourceBoundaries/voluntary_execute_clarification
2026/10/01 09:19:23 INFO Created new KV bucket bucket=TestAutoresearchReplySourceBoundaries_voluntary_execute_clarification_1790864362999801000
=== RUN   TestAutoresearchReplySourceBoundaries/baseline_failure
2026/10/01 09:19:23 INFO Created new KV bucket bucket=TestAutoresearchReplySourceBoundaries_baseline_failure_1790864363003412000
=== RUN   TestAutoresearchReplySourceBoundaries/propose_failure
2026/10/01 09:19:23 INFO Created new KV bucket bucket=TestAutoresearchReplySourceBoundaries_propose_failure_1790864363008023000
=== RUN   TestAutoresearchReplySourceBoundaries/budgeted_execute_failure
2026/10/01 09:19:23 INFO Created new KV bucket bucket=TestAutoresearchReplySourceBoundaries_budgeted_execute_failure_1790864363012885000
=== RUN   TestAutoresearchReplySourceBoundaries/coordinator_failure_excluded
2026/10/01 09:19:23 INFO Created new KV bucket bucket=TestAutoresearchReplySourceBoundaries_coordinator_failure_excluded_1790864363016331000
=== RUN   TestAutoresearchReplySourceBoundaries/only_original_category_coordinator_consumes_result
2026/10/01 09:19:23 INFO Created new KV bucket bucket=TestAutoresearchReplySourceBoundaries_only_original_category_coordinator_consumes_result_1790864363019565000
2026/10/01 09:19:23 INFO Created new KV bucket bucket=TestAutoresearchReplySourceBoundaries_only_original_category_coordinator_consumes_result_1790864363023275000
2026/10/01 09:19:23 INFO Created new KV bucket bucket=TestAutoresearchReplySourceBoundaries_only_original_category_coordinator_consumes_result_1790864363027544000
2026/10/01 09:19:23 🐳 Stopping container: 6f8cc44e6729
2026/10/01 09:19:23 ✅ Container stopped: 6f8cc44e6729
2026/10/01 09:19:23 🐳 Terminating container: 6f8cc44e6729
2026/10/01 09:19:23 🚫 Container terminated: 6f8cc44e6729
--- PASS: TestAutoresearchReplySourceBoundaries (0.38s)
    --- PASS: TestAutoresearchReplySourceBoundaries/approval_before_terminal (0.01s)
    --- PASS: TestAutoresearchReplySourceBoundaries/approved_terminal (0.01s)
    --- PASS: TestAutoresearchReplySourceBoundaries/rejected_review (0.00s)
    --- PASS: TestAutoresearchReplySourceBoundaries/clarification_before_terminal (0.00s)
    --- PASS: TestAutoresearchReplySourceBoundaries/descended_clarification (0.00s)
    --- PASS: TestAutoresearchReplySourceBoundaries/voluntary_execute_clarification (0.00s)
    --- PASS: TestAutoresearchReplySourceBoundaries/baseline_failure (0.00s)
    --- PASS: TestAutoresearchReplySourceBoundaries/propose_failure (0.00s)
    --- PASS: TestAutoresearchReplySourceBoundaries/budgeted_execute_failure (0.00s)
    --- PASS: TestAutoresearchReplySourceBoundaries/coordinator_failure_excluded (0.00s)
    --- PASS: TestAutoresearchReplySourceBoundaries/only_original_category_coordinator_consumes_result (0.01s)
=== RUN   TestAutoresearchReplyAmbiguousSourceAnchor
2026/10/01 09:19:23 🐳 Creating container for image nats:2.14.4
2026/10/01 09:19:23 ✅ Container created: 310291d2ea6f
2026/10/01 09:19:23 🐳 Starting container: 310291d2ea6f
2026/10/01 09:19:23 ✅ Container started: 310291d2ea6f
2026/10/01 09:19:23 ⏳ Waiting for container id 310291d2ea6f image: nats:2.14.4. Waiting for: log message "Server is ready"
2026/10/01 09:19:23 🔔 Container is ready: 310291d2ea6f
2026/10/01 09:19:23 INFO Connecting to NATS urls=nats://localhost:55032
2026/10/01 09:19:23 INFO Successfully connected to NATS urls=nats://localhost:55032
=== RUN   TestAutoresearchReplyAmbiguousSourceAnchor/clarification
2026/10/01 09:19:23 INFO Created new KV bucket bucket=TestAutoresearchReplyAmbiguousSourceAnchor_clarification_1790864363327475000
=== RUN   TestAutoresearchReplyAmbiguousSourceAnchor/baseline_failure
2026/10/01 09:19:23 INFO Created new KV bucket bucket=TestAutoresearchReplyAmbiguousSourceAnchor_baseline_failure_1790864363333884000
=== RUN   TestAutoresearchReplyAmbiguousSourceAnchor/descended_failure
2026/10/01 09:19:23 INFO Created new KV bucket bucket=TestAutoresearchReplyAmbiguousSourceAnchor_descended_failure_1790864363339010000
2026/10/01 09:19:23 🐳 Stopping container: 310291d2ea6f
2026/10/01 09:19:23 ✅ Container stopped: 310291d2ea6f
2026/10/01 09:19:23 🐳 Terminating container: 310291d2ea6f
2026/10/01 09:19:23 🚫 Container terminated: 310291d2ea6f
--- PASS: TestAutoresearchReplyAmbiguousSourceAnchor (0.32s)
    --- PASS: TestAutoresearchReplyAmbiguousSourceAnchor/clarification (0.01s)
    --- PASS: TestAutoresearchReplyAmbiguousSourceAnchor/baseline_failure (0.00s)
    --- PASS: TestAutoresearchReplyAmbiguousSourceAnchor/descended_failure (0.01s)
=== RUN   TestAutoresearchReplyAdmitsChildOfTerminalRun
2026/10/01 09:19:23 🐳 Creating container for image nats:2.14.4
2026/10/01 09:19:23 ✅ Container created: 99cc2ac631b9
2026/10/01 09:19:23 🐳 Starting container: 99cc2ac631b9
2026/10/01 09:19:23 ✅ Container started: 99cc2ac631b9
2026/10/01 09:19:23 ⏳ Waiting for container id 99cc2ac631b9 image: nats:2.14.4. Waiting for: log message "Server is ready"
2026/10/01 09:19:23 🔔 Container is ready: 99cc2ac631b9
2026/10/01 09:19:23 INFO Connecting to NATS urls=nats://localhost:55033
2026/10/01 09:19:23 INFO Successfully connected to NATS urls=nats://localhost:55033
=== RUN   TestAutoresearchReplyAdmitsChildOfTerminalRun/completed
2026/10/01 09:19:23 INFO Created new KV bucket bucket=TestAutoresearchReplyAdmitsChildOfTerminalRun_completed_1790864363723622000
2026/10/01 09:19:23 WARN model not in registry, using default context limit loop_id=f2513535-2f32-4c93-8275-d94d4474b1ef model=coordinator default_limit=128000 hint="add model to model_registry for explicit limit"
2026/10/01 09:19:23 WARN resolveRunEntityID: platform identity missing, RunEntityID will be empty run_id=11111111-1111-4111-8111-111111111111
=== RUN   TestAutoresearchReplyAdmitsChildOfTerminalRun/failed
2026/10/01 09:19:23 INFO Created new KV bucket bucket=TestAutoresearchReplyAdmitsChildOfTerminalRun_failed_1790864363736994000
2026/10/01 09:19:23 WARN model not in registry, using default context limit loop_id=06bbf85f-2196-469a-91ee-be1b91773cb4 model=coordinator default_limit=128000 hint="add model to model_registry for explicit limit"
2026/10/01 09:19:23 WARN resolveRunEntityID: platform identity missing, RunEntityID will be empty run_id=11111111-1111-4111-8111-111111111111
2026/10/01 09:19:23 🐳 Stopping container: 99cc2ac631b9
2026/10/01 09:19:23 ✅ Container stopped: 99cc2ac631b9
2026/10/01 09:19:23 🐳 Terminating container: 99cc2ac631b9
2026/10/01 09:19:23 🚫 Container terminated: 99cc2ac631b9
--- PASS: TestAutoresearchReplyAdmitsChildOfTerminalRun (0.39s)
    --- PASS: TestAutoresearchReplyAdmitsChildOfTerminalRun/completed (0.01s)
    --- PASS: TestAutoresearchReplyAdmitsChildOfTerminalRun/failed (0.01s)
PASS
ok  	github.com/c360studio/semteams/test/contract	4.302s
